[yitsince1997.com/index.html]
[yitsince1997.com/_next/static/media/0484562807a97172-s.p.woff2]
[yitsince1997.com/_next/static/media/4c285fdca692ea22-s.p.woff2]
[yitsince1997.com/_next/static/media/8888a3826f4a3af4-s.p.woff2]
[yitsince1997.com/_next/static/media/b957ea75a84b6ea7-s.p.woff2]
[yitsince1997.com/_next/static/media/eafabf029ad39a43-s.p.woff2]
[yitsince1997.com/_next/static/css/96e810cb91acc031.css]
[yitsince1997.com/_next/static/css/15cbae759d1218d5.css]
[yitsince1997.com/_next/static/chunks/webpack-bcd64728a9638242.js]
[yitsince1997.com/_next/static/chunks/4bd1b696-b085869443a89ac3.js]
[yitsince1997.com/_next/static/chunks/517-2fb33ef85400712d.js]
[yitsince1997.com/_next/static/chunks/main-app-cdc49106085b3106.js]
[yitsince1997.com/_next/static/chunks/565-92460efc42a4513a.js]
[yitsince1997.com/_next/static/chunks/136-fe3a669a6433de94.js]
[yitsince1997.com/_next/static/chunks/app/layout-85d43200e3e321af.js]
[yitsince1997.com/_next/static/chunks/726-43cdf399d4e06bf6.js]
[backblue.gif]
[fade.gif]
[index.html]
[yitsince1997.com/_next/static/chunks/app/page-112acd2e24afd724.js]
[yitsince1997.com/favicon.ico]
[yitsince1997.com/_next/static/chunks/polyfills-42372ed130431b0a.js]
[yitsince1997.com/_next/imagee672.png]
[yitsince1997.com/2025projects.html]
[yitsince1997.com/plays.html]
[yitsince1997.com/etd.html]
[yitsince1997.com/gcc.html]
[yitsince1997.com/feedback.html]
[yitsince1997.com/donate.html]
[yitsince1997.com/_next/image73d5.jpg]
[yitsince1997.com/_next/image9a8e.jpg]
[yitsince1997.com/_next/imagedbb5.jpg]
[yitsince1997.com/_next/image083d.png]
[yitsince1997.com/_next/image1e4f.png]
[yitsince1997.com/_next/imagede03.png]
[yitsince1997.com/_next/image639a.png]
[yitsince1997.com/_next/imageef75.png]
[yitsince1997.com/_next/image02cb.png]
[yitsince1997.com/_next/imagedc17.jpg]
[yitsince1997.com/_next/image67b4.jpg]
[yitsince1997.com/_next/imagebf51.png]
[yitsince1997.com/_next/image05f9.png]
[yitsince1997.com/_next/image272a.png]
[yitsince1997.com/heart.gif]
[yitsince1997.com/index.html]
[yitsince1997.com/_next/static/media/6c9a125e97d835e1-s.woff2]
[yitsince1997.com/_next/static/media/fe0777f1195381cb-s.woff2]
[yitsince1997.com/_next/static/media/f10b8e9d91f3edcb-s.woff2]
[yitsince1997.com/_next/static/media/c3bc380753a8436c-s.woff2]
[yitsince1997.com/_next/static/media/a1386beebedccca4-s.woff2]
[yitsince1997.com/_next/static/css/96e810cb91acc031.css]
[yitsince1997.com/_next/static/media/revicons.ff59b316.woff]
[yitsince1997.com/_next/static/media/revicons.b96bdb22.ttf]
[yitsince1997.com/_next/static/css/15cbae759d1218d5.css]
[yitsince1997.com/_next/static/media/revicons.652e7269.eot]
[yitsince1997.com/2025projects.html]
[yitsince1997.com/_next/static/chunks/app/2025projects/page-d8da98aa5f71fb58.js]
[yitsince1997.com/plays.html]
[yitsince1997.com/_next/static/chunks/app/plays/page-5c0e4fc78c2593b6.js]
[yitsince1997.com/etd.html]
[yitsince1997.com/_next/static/chunks/app/etd/page-98de02e933a1996f.js]
[yitsince1997.com/_next/static/chunks/app/gcc/page-3fe4e09ee87b6ef0.js]
[yitsince1997.com/_next/image8e32.png]
[yitsince1997.com/_next/imaged760.jpg]
[yitsince1997.com/_next/image1afb.jpg]
[yitsince1997.com/_next/image80de.jpg]
[yitsince1997.com/_next/image914a.png]
[yitsince1997.com/_next/imagea315.jpg]
[yitsince1997.com/_next/image5c5e.jpg]
[yitsince1997.com/_next/image05b9.jpg]
[yitsince1997.com/_next/imagefa0f.png]
[yitsince1997.com/gcc.html]
[yitsince1997.com/_next/imagea00c.png]
[yitsince1997.com/feedback.html]
[yitsince1997.com/_next/static/chunks/app/feedback/page-ee2eb6b1e0678b47.js]
[yitsince1997.com/_next/static/chunks/8e1d74a4-a328878beda7a340.js]
[yitsince1997.com/_next/static/chunks/644-c17984b3e92d897e.js]
[yitsince1997.com/donate.html]
[yitsince1997.com/_next/static/chunks/app/donate/page-b9e2dbc648bbb89f.js]
